Archive member included to satisfy reference by file (symbol)

C:\Users\enno_\Desktop\MyIDE\PNP\../archives/core.a(LCD_PRINT.o)
                              Debug/main.o (symbol from plugin) (_Z9lcd_printc)
C:\Users\enno_\Desktop\MyIDE\PNP\../archives/core.a(LCD.o)
                              LCD_PRINT.o (symbol from plugin) (_Z9send_datah)
c:/users/enno_/desktop/myide/toolchain/bin/../lib/gcc/avr/10.1.0/avr5\libgcc.a(_exit.o)
                              c:/users/enno_/desktop/myide/toolchain/bin/../lib/gcc/avr/10.1.0/../../../../avr/lib/avr5/crtatmega328p.o (exit)
c:/users/enno_/desktop/myide/toolchain/bin/../lib/gcc/avr/10.1.0/../../../../avr/lib/avr5\libm.a(addsf3.o)
                              C:\Users\enno_\AppData\Local\Temp\myApp.elf.d5Z3Qw.ltrans0.ltrans.o (__subsf3)
c:/users/enno_/desktop/myide/toolchain/bin/../lib/gcc/avr/10.1.0/../../../../avr/lib/avr5\libm.a(addsf3x.o)
                              c:/users/enno_/desktop/myide/toolchain/bin/../lib/gcc/avr/10.1.0/../../../../avr/lib/avr5\libm.a(addsf3.o) (__addsf3x)
c:/users/enno_/desktop/myide/toolchain/bin/../lib/gcc/avr/10.1.0/../../../../avr/lib/avr5\libm.a(fixunssfsi.o)
                              C:\Users\enno_\AppData\Local\Temp\myApp.elf.d5Z3Qw.ltrans0.ltrans.o (__fixunssfsi)
c:/users/enno_/desktop/myide/toolchain/bin/../lib/gcc/avr/10.1.0/../../../../avr/lib/avr5\libm.a(floatsisf.o)
                              C:\Users\enno_\AppData\Local\Temp\myApp.elf.d5Z3Qw.ltrans0.ltrans.o (__floatunsisf)
c:/users/enno_/desktop/myide/toolchain/bin/../lib/gcc/avr/10.1.0/../../../../avr/lib/avr5\libm.a(fp_inf.o)
                              c:/users/enno_/desktop/myide/toolchain/bin/../lib/gcc/avr/10.1.0/../../../../avr/lib/avr5\libm.a(addsf3x.o) (__fp_inf)
c:/users/enno_/desktop/myide/toolchain/bin/../lib/gcc/avr/10.1.0/../../../../avr/lib/avr5\libm.a(fp_nan.o)
                              c:/users/enno_/desktop/myide/toolchain/bin/../lib/gcc/avr/10.1.0/../../../../avr/lib/avr5\libm.a(addsf3x.o) (__fp_nan)
c:/users/enno_/desktop/myide/toolchain/bin/../lib/gcc/avr/10.1.0/../../../../avr/lib/avr5\libm.a(fp_pscA.o)
                              c:/users/enno_/desktop/myide/toolchain/bin/../lib/gcc/avr/10.1.0/../../../../avr/lib/avr5\libm.a(addsf3x.o) (__fp_pscA)
c:/users/enno_/desktop/myide/toolchain/bin/../lib/gcc/avr/10.1.0/../../../../avr/lib/avr5\libm.a(fp_pscB.o)
                              c:/users/enno_/desktop/myide/toolchain/bin/../lib/gcc/avr/10.1.0/../../../../avr/lib/avr5\libm.a(addsf3x.o) (__fp_pscB)
c:/users/enno_/desktop/myide/toolchain/bin/../lib/gcc/avr/10.1.0/../../../../avr/lib/avr5\libm.a(fp_round.o)
                              c:/users/enno_/desktop/myide/toolchain/bin/../lib/gcc/avr/10.1.0/../../../../avr/lib/avr5\libm.a(addsf3.o) (__fp_round)
c:/users/enno_/desktop/myide/toolchain/bin/../lib/gcc/avr/10.1.0/../../../../avr/lib/avr5\libm.a(fp_split3.o)
                              c:/users/enno_/desktop/myide/toolchain/bin/../lib/gcc/avr/10.1.0/../../../../avr/lib/avr5\libm.a(addsf3x.o) (__fp_split3)
c:/users/enno_/desktop/myide/toolchain/bin/../lib/gcc/avr/10.1.0/../../../../avr/lib/avr5\libm.a(fp_zero.o)
                              c:/users/enno_/desktop/myide/toolchain/bin/../lib/gcc/avr/10.1.0/../../../../avr/lib/avr5\libm.a(addsf3x.o) (__fp_zero)
c:/users/enno_/desktop/myide/toolchain/bin/../lib/gcc/avr/10.1.0/../../../../avr/lib/avr5\libm.a(mulsf3.o)
                              C:\Users\enno_\AppData\Local\Temp\myApp.elf.d5Z3Qw.ltrans0.ltrans.o (__mulsf3)
c:/users/enno_/desktop/myide/toolchain/bin/../lib/gcc/avr/10.1.0/../../../../avr/lib/avr5\libm.a(mulsf3x.o)
                              c:/users/enno_/desktop/myide/toolchain/bin/../lib/gcc/avr/10.1.0/../../../../avr/lib/avr5\libm.a(mulsf3.o) (__mulsf3x)
c:/users/enno_/desktop/myide/toolchain/bin/../lib/gcc/avr/10.1.0/avr5\libgcc.a(_udivmodsi4.o)
                              C:\Users\enno_\AppData\Local\Temp\myApp.elf.d5Z3Qw.ltrans0.ltrans.o (__udivmodsi4)
c:/users/enno_/desktop/myide/toolchain/bin/../lib/gcc/avr/10.1.0/avr5\libgcc.a(_copy_data.o)
                              C:\Users\enno_\AppData\Local\Temp\myApp.elf.d5Z3Qw.ltrans0.ltrans.o (__do_copy_data)
c:/users/enno_/desktop/myide/toolchain/bin/../lib/gcc/avr/10.1.0/avr5\libgcc.a(_clear_bss.o)
                              C:\Users\enno_\AppData\Local\Temp\myApp.elf.d5Z3Qw.ltrans0.ltrans.o (__do_clear_bss)
c:/users/enno_/desktop/myide/toolchain/bin/../lib/gcc/avr/10.1.0/../../../../avr/lib/avr5\libc.a(strcpy.o)
                              C:\Users\enno_\AppData\Local\Temp\myApp.elf.d5Z3Qw.ltrans0.ltrans.o (strcpy)

Discarded input sections

 .data          0x0000000000000000        0x0 c:/users/enno_/desktop/myide/toolchain/bin/../lib/gcc/avr/10.1.0/../../../../avr/lib/avr5/crtatmega328p.o
 .bss           0x0000000000000000        0x0 c:/users/enno_/desktop/myide/toolchain/bin/../lib/gcc/avr/10.1.0/../../../../avr/lib/avr5/crtatmega328p.o
 .data          0x0000000000000000        0x0 C:\Users\enno_\AppData\Local\Temp\myApp.elf.d5Z3Qw.ltrans0.ltrans.o
 .comment       0x0000000000000000       0x13 C:\Users\enno_\AppData\Local\Temp\ccTByTom.debug.temp.o
 .comment       0x0000000000000000       0x13 C:\Users\enno_\AppData\Local\Temp\ccshqCRO.debug.temp.o
 .comment       0x0000000000000000       0x13 C:\Users\enno_\AppData\Local\Temp\ccvanKbh.debug.temp.o
 .text          0x0000000000000000        0x0 c:/users/enno_/desktop/myide/toolchain/bin/../lib/gcc/avr/10.1.0/avr5\libgcc.a(_exit.o)
 .data          0x0000000000000000        0x0 c:/users/enno_/desktop/myide/toolchain/bin/../lib/gcc/avr/10.1.0/avr5\libgcc.a(_exit.o)
 .bss           0x0000000000000000        0x0 c:/users/enno_/desktop/myide/toolchain/bin/../lib/gcc/avr/10.1.0/avr5\libgcc.a(_exit.o)
 .text.libgcc.mul
                0x0000000000000000        0x0 c:/users/enno_/desktop/myide/toolchain/bin/../lib/gcc/avr/10.1.0/avr5\libgcc.a(_exit.o)
 .text.libgcc.div
                0x0000000000000000        0x0 c:/users/enno_/desktop/myide/toolchain/bin/../lib/gcc/avr/10.1.0/avr5\libgcc.a(_exit.o)
 .text.libgcc   0x0000000000000000        0x0 c:/users/enno_/desktop/myide/toolchain/bin/../lib/gcc/avr/10.1.0/avr5\libgcc.a(_exit.o)
 .text.libgcc.prologue
                0x0000000000000000        0x0 c:/users/enno_/desktop/myide/toolchain/bin/../lib/gcc/avr/10.1.0/avr5\libgcc.a(_exit.o)
 .text.libgcc.builtins
                0x0000000000000000        0x0 c:/users/enno_/desktop/myide/toolchain/bin/../lib/gcc/avr/10.1.0/avr5\libgcc.a(_exit.o)
 .text.libgcc.fmul
                0x0000000000000000        0x0 c:/users/enno_/desktop/myide/toolchain/bin/../lib/gcc/avr/10.1.0/avr5\libgcc.a(_exit.o)
 .text.libgcc.fixed
                0x0000000000000000        0x0 c:/users/enno_/desktop/myide/toolchain/bin/../lib/gcc/avr/10.1.0/avr5\libgcc.a(_exit.o)
 .text          0x0000000000000000        0x0 c:/users/enno_/desktop/myide/toolchain/bin/../lib/gcc/avr/10.1.0/avr5\libgcc.a(_udivmodsi4.o)
 .data          0x0000000000000000        0x0 c:/users/enno_/desktop/myide/toolchain/bin/../lib/gcc/avr/10.1.0/avr5\libgcc.a(_udivmodsi4.o)
 .bss           0x0000000000000000        0x0 c:/users/enno_/desktop/myide/toolchain/bin/../lib/gcc/avr/10.1.0/avr5\libgcc.a(_udivmodsi4.o)
 .text.libgcc.mul
                0x0000000000000000        0x0 c:/users/enno_/desktop/myide/toolchain/bin/../lib/gcc/avr/10.1.0/avr5\libgcc.a(_udivmodsi4.o)
 .text.libgcc   0x0000000000000000        0x0 c:/users/enno_/desktop/myide/toolchain/bin/../lib/gcc/avr/10.1.0/avr5\libgcc.a(_udivmodsi4.o)
 .text.libgcc.prologue
                0x0000000000000000        0x0 c:/users/enno_/desktop/myide/toolchain/bin/../lib/gcc/avr/10.1.0/avr5\libgcc.a(_udivmodsi4.o)
 .text.libgcc.builtins
                0x0000000000000000        0x0 c:/users/enno_/desktop/myide/toolchain/bin/../lib/gcc/avr/10.1.0/avr5\libgcc.a(_udivmodsi4.o)
 .text.libgcc.fmul
                0x0000000000000000        0x0 c:/users/enno_/desktop/myide/toolchain/bin/../lib/gcc/avr/10.1.0/avr5\libgcc.a(_udivmodsi4.o)
 .text.libgcc.fixed
                0x0000000000000000        0x0 c:/users/enno_/desktop/myide/toolchain/bin/../lib/gcc/avr/10.1.0/avr5\libgcc.a(_udivmodsi4.o)
 .text          0x0000000000000000        0x0 c:/users/enno_/desktop/myide/toolchain/bin/../lib/gcc/avr/10.1.0/avr5\libgcc.a(_copy_data.o)
 .data          0x0000000000000000        0x0 c:/users/enno_/desktop/myide/toolchain/bin/../lib/gcc/avr/10.1.0/avr5\libgcc.a(_copy_data.o)
 .bss           0x0000000000000000        0x0 c:/users/enno_/desktop/myide/toolchain/bin/../lib/gcc/avr/10.1.0/avr5\libgcc.a(_copy_data.o)
 .text.libgcc.mul
                0x0000000000000000        0x0 c:/users/enno_/desktop/myide/toolchain/bin/../lib/gcc/avr/10.1.0/avr5\libgcc.a(_copy_data.o)
 .text.libgcc.div
                0x0000000000000000        0x0 c:/users/enno_/desktop/myide/toolchain/bin/../lib/gcc/avr/10.1.0/avr5\libgcc.a(_copy_data.o)
 .text.libgcc   0x0000000000000000        0x0 c:/users/enno_/desktop/myide/toolchain/bin/../lib/gcc/avr/10.1.0/avr5\libgcc.a(_copy_data.o)
 .text.libgcc.prologue
                0x0000000000000000        0x0 c:/users/enno_/desktop/myide/toolchain/bin/../lib/gcc/avr/10.1.0/avr5\libgcc.a(_copy_data.o)
 .text.libgcc.builtins
                0x0000000000000000        0x0 c:/users/enno_/desktop/myide/toolchain/bin/../lib/gcc/avr/10.1.0/avr5\libgcc.a(_copy_data.o)
 .text.libgcc.fmul
                0x0000000000000000        0x0 c:/users/enno_/desktop/myide/toolchain/bin/../lib/gcc/avr/10.1.0/avr5\libgcc.a(_copy_data.o)
 .text.libgcc.fixed
                0x0000000000000000        0x0 c:/users/enno_/desktop/myide/toolchain/bin/../lib/gcc/avr/10.1.0/avr5\libgcc.a(_copy_data.o)
 .text          0x0000000000000000        0x0 c:/users/enno_/desktop/myide/toolchain/bin/../lib/gcc/avr/10.1.0/avr5\libgcc.a(_clear_bss.o)
 .data          0x0000000000000000        0x0 c:/users/enno_/desktop/myide/toolchain/bin/../lib/gcc/avr/10.1.0/avr5\libgcc.a(_clear_bss.o)
 .bss           0x0000000000000000        0x0 c:/users/enno_/desktop/myide/toolchain/bin/../lib/gcc/avr/10.1.0/avr5\libgcc.a(_clear_bss.o)
 .text.libgcc.mul
                0x0000000000000000        0x0 c:/users/enno_/desktop/myide/toolchain/bin/../lib/gcc/avr/10.1.0/avr5\libgcc.a(_clear_bss.o)
 .text.libgcc.div
                0x0000000000000000        0x0 c:/users/enno_/desktop/myide/toolchain/bin/../lib/gcc/avr/10.1.0/avr5\libgcc.a(_clear_bss.o)
 .text.libgcc   0x0000000000000000        0x0 c:/users/enno_/desktop/myide/toolchain/bin/../lib/gcc/avr/10.1.0/avr5\libgcc.a(_clear_bss.o)
 .text.libgcc.prologue
                0x0000000000000000        0x0 c:/users/enno_/desktop/myide/toolchain/bin/../lib/gcc/avr/10.1.0/avr5\libgcc.a(_clear_bss.o)
 .text.libgcc.builtins
                0x0000000000000000        0x0 c:/users/enno_/desktop/myide/toolchain/bin/../lib/gcc/avr/10.1.0/avr5\libgcc.a(_clear_bss.o)
 .text.libgcc.fmul
                0x0000000000000000        0x0 c:/users/enno_/desktop/myide/toolchain/bin/../lib/gcc/avr/10.1.0/avr5\libgcc.a(_clear_bss.o)
 .text.libgcc.fixed
                0x0000000000000000        0x0 c:/users/enno_/desktop/myide/toolchain/bin/../lib/gcc/avr/10.1.0/avr5\libgcc.a(_clear_bss.o)
 .text          0x0000000000000000        0x0 c:/users/enno_/desktop/myide/toolchain/bin/../lib/gcc/avr/10.1.0/../../../../avr/lib/avr5\libm.a(addsf3.o)
 .data          0x0000000000000000        0x0 c:/users/enno_/desktop/myide/toolchain/bin/../lib/gcc/avr/10.1.0/../../../../avr/lib/avr5\libm.a(addsf3.o)
 .bss           0x0000000000000000        0x0 c:/users/enno_/desktop/myide/toolchain/bin/../lib/gcc/avr/10.1.0/../../../../avr/lib/avr5\libm.a(addsf3.o)
 .text          0x0000000000000000        0x0 c:/users/enno_/desktop/myide/toolchain/bin/../lib/gcc/avr/10.1.0/../../../../avr/lib/avr5\libm.a(addsf3x.o)
 .data          0x0000000000000000        0x0 c:/users/enno_/desktop/myide/toolchain/bin/../lib/gcc/avr/10.1.0/../../../../avr/lib/avr5\libm.a(addsf3x.o)
 .bss           0x0000000000000000        0x0 c:/users/enno_/desktop/myide/toolchain/bin/../lib/gcc/avr/10.1.0/../../../../avr/lib/avr5\libm.a(addsf3x.o)
 .text          0x0000000000000000        0x0 c:/users/enno_/desktop/myide/toolchain/bin/../lib/gcc/avr/10.1.0/../../../../avr/lib/avr5\libm.a(fixunssfsi.o)
 .data          0x0000000000000000        0x0 c:/users/enno_/desktop/myide/toolchain/bin/../lib/gcc/avr/10.1.0/../../../../avr/lib/avr5\libm.a(fixunssfsi.o)
 .bss           0x0000000000000000        0x0 c:/users/enno_/desktop/myide/toolchain/bin/../lib/gcc/avr/10.1.0/../../../../avr/lib/avr5\libm.a(fixunssfsi.o)
 .text          0x0000000000000000        0x0 c:/users/enno_/desktop/myide/toolchain/bin/../lib/gcc/avr/10.1.0/../../../../avr/lib/avr5\libm.a(floatsisf.o)
 .data          0x0000000000000000        0x0 c:/users/enno_/desktop/myide/toolchain/bin/../lib/gcc/avr/10.1.0/../../../../avr/lib/avr5\libm.a(floatsisf.o)
 .bss           0x0000000000000000        0x0 c:/users/enno_/desktop/myide/toolchain/bin/../lib/gcc/avr/10.1.0/../../../../avr/lib/avr5\libm.a(floatsisf.o)
 .text          0x0000000000000000        0x0 c:/users/enno_/desktop/myide/toolchain/bin/../lib/gcc/avr/10.1.0/../../../../avr/lib/avr5\libm.a(fp_inf.o)
 .data          0x0000000000000000        0x0 c:/users/enno_/desktop/myide/toolchain/bin/../lib/gcc/avr/10.1.0/../../../../avr/lib/avr5\libm.a(fp_inf.o)
 .bss           0x0000000000000000        0x0 c:/users/enno_/desktop/myide/toolchain/bin/../lib/gcc/avr/10.1.0/../../../../avr/lib/avr5\libm.a(fp_inf.o)
 .text          0x0000000000000000        0x0 c:/users/enno_/desktop/myide/toolchain/bin/../lib/gcc/avr/10.1.0/../../../../avr/lib/avr5\libm.a(fp_nan.o)
 .data          0x0000000000000000        0x0 c:/users/enno_/desktop/myide/toolchain/bin/../lib/gcc/avr/10.1.0/../../../../avr/lib/avr5\libm.a(fp_nan.o)
 .bss           0x0000000000000000        0x0 c:/users/enno_/desktop/myide/toolchain/bin/../lib/gcc/avr/10.1.0/../../../../avr/lib/avr5\libm.a(fp_nan.o)
 .text          0x0000000000000000        0x0 c:/users/enno_/desktop/myide/toolchain/bin/../lib/gcc/avr/10.1.0/../../../../avr/lib/avr5\libm.a(fp_pscA.o)
 .data          0x0000000000000000        0x0 c:/users/enno_/desktop/myide/toolchain/bin/../lib/gcc/avr/10.1.0/../../../../avr/lib/avr5\libm.a(fp_pscA.o)
 .bss           0x0000000000000000        0x0 c:/users/enno_/desktop/myide/toolchain/bin/../lib/gcc/avr/10.1.0/../../../../avr/lib/avr5\libm.a(fp_pscA.o)
 .text          0x0000000000000000        0x0 c:/users/enno_/desktop/myide/toolchain/bin/../lib/gcc/avr/10.1.0/../../../../avr/lib/avr5\libm.a(fp_pscB.o)
 .data          0x0000000000000000        0x0 c:/users/enno_/desktop/myide/toolchain/bin/../lib/gcc/avr/10.1.0/../../../../avr/lib/avr5\libm.a(fp_pscB.o)
 .bss           0x0000000000000000        0x0 c:/users/enno_/desktop/myide/toolchain/bin/../lib/gcc/avr/10.1.0/../../../../avr/lib/avr5\libm.a(fp_pscB.o)
 .text          0x0000000000000000        0x0 c:/users/enno_/desktop/myide/toolchain/bin/../lib/gcc/avr/10.1.0/../../../../avr/lib/avr5\libm.a(fp_round.o)
 .data          0x0000000000000000        0x0 c:/users/enno_/desktop/myide/toolchain/bin/../lib/gcc/avr/10.1.0/../../../../avr/lib/avr5\libm.a(fp_round.o)
 .bss           0x0000000000000000        0x0 c:/users/enno_/desktop/myide/toolchain/bin/../lib/gcc/avr/10.1.0/../../../../avr/lib/avr5\libm.a(fp_round.o)
 .text          0x0000000000000000        0x0 c:/users/enno_/desktop/myide/toolchain/bin/../lib/gcc/avr/10.1.0/../../../../avr/lib/avr5\libm.a(fp_split3.o)
 .data          0x0000000000000000        0x0 c:/users/enno_/desktop/myide/toolchain/bin/../lib/gcc/avr/10.1.0/../../../../avr/lib/avr5\libm.a(fp_split3.o)
 .bss           0x0000000000000000        0x0 c:/users/enno_/desktop/myide/toolchain/bin/../lib/gcc/avr/10.1.0/../../../../avr/lib/avr5\libm.a(fp_split3.o)
 .text          0x0000000000000000        0x0 c:/users/enno_/desktop/myide/toolchain/bin/../lib/gcc/avr/10.1.0/../../../../avr/lib/avr5\libm.a(fp_zero.o)
 .data          0x0000000000000000        0x0 c:/users/enno_/desktop/myide/toolchain/bin/../lib/gcc/avr/10.1.0/../../../../avr/lib/avr5\libm.a(fp_zero.o)
 .bss           0x0000000000000000        0x0 c:/users/enno_/desktop/myide/toolchain/bin/../lib/gcc/avr/10.1.0/../../../../avr/lib/avr5\libm.a(fp_zero.o)
 .text          0x0000000000000000        0x0 c:/users/enno_/desktop/myide/toolchain/bin/../lib/gcc/avr/10.1.0/../../../../avr/lib/avr5\libm.a(mulsf3.o)
 .data          0x0000000000000000        0x0 c:/users/enno_/desktop/myide/toolchain/bin/../lib/gcc/avr/10.1.0/../../../../avr/lib/avr5\libm.a(mulsf3.o)
 .bss           0x0000000000000000        0x0 c:/users/enno_/desktop/myide/toolchain/bin/../lib/gcc/avr/10.1.0/../../../../avr/lib/avr5\libm.a(mulsf3.o)
 .text          0x0000000000000000        0x0 c:/users/enno_/desktop/myide/toolchain/bin/../lib/gcc/avr/10.1.0/../../../../avr/lib/avr5\libm.a(mulsf3x.o)
 .data          0x0000000000000000        0x0 c:/users/enno_/desktop/myide/toolchain/bin/../lib/gcc/avr/10.1.0/../../../../avr/lib/avr5\libm.a(mulsf3x.o)
 .bss           0x0000000000000000        0x0 c:/users/enno_/desktop/myide/toolchain/bin/../lib/gcc/avr/10.1.0/../../../../avr/lib/avr5\libm.a(mulsf3x.o)
 .text          0x0000000000000000        0x0 c:/users/enno_/desktop/myide/toolchain/bin/../lib/gcc/avr/10.1.0/../../../../avr/lib/avr5\libc.a(strcpy.o)
 .data          0x0000000000000000        0x0 c:/users/enno_/desktop/myide/toolchain/bin/../lib/gcc/avr/10.1.0/../../../../avr/lib/avr5\libc.a(strcpy.o)
 .bss           0x0000000000000000        0x0 c:/users/enno_/desktop/myide/toolchain/bin/../lib/gcc/avr/10.1.0/../../../../avr/lib/avr5\libc.a(strcpy.o)

Memory Configuration

Name             Origin             Length             Attributes
text             0x0000000000000000 0x0000000000020000 xr
data             0x0000000000800060 0x000000000000ffa0 rw !x
eeprom           0x0000000000810000 0x0000000000010000 rw !x
fuse             0x0000000000820000 0x0000000000000003 rw !x
lock             0x0000000000830000 0x0000000000000400 rw !x
signature        0x0000000000840000 0x0000000000000400 rw !x
user_signatures  0x0000000000850000 0x0000000000000400 rw !x
*default*        0x0000000000000000 0xffffffffffffffff

Linker script and memory map

Address of section .data set to 0x800100
LOAD c:/users/enno_/desktop/myide/toolchain/bin/../lib/gcc/avr/10.1.0/../../../../avr/lib/avr5/crtatmega328p.o
LOAD Debug/main.o
LOAD C:\Users\enno_\AppData\Local\Temp\myApp.elf.d5Z3Qw.ltrans0.ltrans.o
LOAD C:\Users\enno_\AppData\Local\Temp\ccTByTom.debug.temp.o
LOAD C:\Users\enno_\AppData\Local\Temp\ccshqCRO.debug.temp.o
LOAD C:\Users\enno_\AppData\Local\Temp\ccvanKbh.debug.temp.o
LOAD C:\Users\enno_\Desktop\MyIDE\PNP\../archives/core.a
LOAD c:/users/enno_/desktop/myide/toolchain/bin/../lib/gcc/avr/10.1.0/../../../../avr/lib/avr5\libm.a
START GROUP
LOAD c:/users/enno_/desktop/myide/toolchain/bin/../lib/gcc/avr/10.1.0/avr5\libgcc.a
LOAD c:/users/enno_/desktop/myide/toolchain/bin/../lib/gcc/avr/10.1.0/../../../../avr/lib/avr5\libm.a
LOAD c:/users/enno_/desktop/myide/toolchain/bin/../lib/gcc/avr/10.1.0/../../../../avr/lib/avr5\libc.a
LOAD c:/users/enno_/desktop/myide/toolchain/bin/../lib/gcc/avr/10.1.0/../../../../avr/lib/avr5\libatmega328p.a
END GROUP
                0x0000000000020000                __TEXT_REGION_LENGTH__ = DEFINED (__TEXT_REGION_LENGTH__)?__TEXT_REGION_LENGTH__:0x20000
                0x000000000000ffa0                __DATA_REGION_LENGTH__ = DEFINED (__DATA_REGION_LENGTH__)?__DATA_REGION_LENGTH__:0xffa0
                0x0000000000010000                __EEPROM_REGION_LENGTH__ = DEFINED (__EEPROM_REGION_LENGTH__)?__EEPROM_REGION_LENGTH__:0x10000
                [0x0000000000000003]                __FUSE_REGION_LENGTH__ = DEFINED (__FUSE_REGION_LENGTH__)?__FUSE_REGION_LENGTH__:0x400
                0x0000000000000400                __LOCK_REGION_LENGTH__ = DEFINED (__LOCK_REGION_LENGTH__)?__LOCK_REGION_LENGTH__:0x400
                0x0000000000000400                __SIGNATURE_REGION_LENGTH__ = DEFINED (__SIGNATURE_REGION_LENGTH__)?__SIGNATURE_REGION_LENGTH__:0x400
                0x0000000000000400                __USER_SIGNATURE_REGION_LENGTH__ = DEFINED (__USER_SIGNATURE_REGION_LENGTH__)?__USER_SIGNATURE_REGION_LENGTH__:0x400

.hash
 *(.hash)

.dynsym
 *(.dynsym)

.dynstr
 *(.dynstr)

.gnu.version
 *(.gnu.version)

.gnu.version_d
 *(.gnu.version_d)

.gnu.version_r
 *(.gnu.version_r)

.rel.init
 *(.rel.init)

.rela.init
 *(.rela.init)

.rel.text
 *(.rel.text)
 *(.rel.text.*)
 *(.rel.gnu.linkonce.t*)

.rela.text
 *(.rela.text)
 *(.rela.text.*)
 *(.rela.gnu.linkonce.t*)

.rel.fini
 *(.rel.fini)

.rela.fini
 *(.rela.fini)

.rel.rodata
 *(.rel.rodata)
 *(.rel.rodata.*)
 *(.rel.gnu.linkonce.r*)

.rela.rodata
 *(.rela.rodata)
 *(.rela.rodata.*)
 *(.rela.gnu.linkonce.r*)

.rel.data
 *(.rel.data)
 *(.rel.data.*)
 *(.rel.gnu.linkonce.d*)

.rela.data
 *(.rela.data)
 *(.rela.data.*)
 *(.rela.gnu.linkonce.d*)

.rel.ctors
 *(.rel.ctors)

.rela.ctors
 *(.rela.ctors)

.rel.dtors
 *(.rel.dtors)

.rela.dtors
 *(.rela.dtors)

.rel.got
 *(.rel.got)

.rela.got
 *(.rela.got)

.rel.bss
 *(.rel.bss)

.rela.bss
 *(.rela.bss)

.rel.plt
 *(.rel.plt)

.rela.plt
 *(.rela.plt)

.text           0x0000000000000000      0xa14
 *(.vectors)
 .vectors       0x0000000000000000       0x68 c:/users/enno_/desktop/myide/toolchain/bin/../lib/gcc/avr/10.1.0/../../../../avr/lib/avr5/crtatmega328p.o
                0x0000000000000000                __vector_default
                0x0000000000000000                __vectors
 *(.vectors)
 *(.progmem.gcc*)
                0x0000000000000068                . = ALIGN (0x2)
                0x0000000000000068                __trampolines_start = .
 *(.trampolines)
 .trampolines   0x0000000000000068        0x0 linker stubs
 *(.trampolines*)
                0x0000000000000068                __trampolines_end = .
 *libprintf_flt.a:*(.progmem.data)
 *libc.a:*(.progmem.data)
 *(.progmem.*)
                0x0000000000000068                . = ALIGN (0x2)
 *(.lowtext)
 *(.lowtext*)
                0x0000000000000068                __ctors_start = .
 *(.ctors)
                0x0000000000000068                __ctors_end = .
                0x0000000000000068                __dtors_start = .
 *(.dtors)
                0x0000000000000068                __dtors_end = .
 SORT_BY_NAME(*)(.ctors)
 SORT_BY_NAME(*)(.dtors)
 *(.init0)
 .init0         0x0000000000000068        0x0 c:/users/enno_/desktop/myide/toolchain/bin/../lib/gcc/avr/10.1.0/../../../../avr/lib/avr5/crtatmega328p.o
                0x0000000000000068                __init
 *(.init0)
 *(.init1)
 *(.init1)
 *(.init2)
 .init2         0x0000000000000068        0xc c:/users/enno_/desktop/myide/toolchain/bin/../lib/gcc/avr/10.1.0/../../../../avr/lib/avr5/crtatmega328p.o
 *(.init2)
 *(.init3)
 *(.init3)
 *(.init4)
 .init4         0x0000000000000074       0x16 c:/users/enno_/desktop/myide/toolchain/bin/../lib/gcc/avr/10.1.0/avr5\libgcc.a(_copy_data.o)
                0x0000000000000074                __do_copy_data
 .init4         0x000000000000008a       0x10 c:/users/enno_/desktop/myide/toolchain/bin/../lib/gcc/avr/10.1.0/avr5\libgcc.a(_clear_bss.o)
                0x000000000000008a                __do_clear_bss
 *(.init4)
 *(.init5)
 *(.init5)
 *(.init6)
 *(.init6)
 *(.init7)
 *(.init7)
 *(.init8)
 *(.init8)
 *(.init9)
 .init9         0x000000000000009a        0x8 c:/users/enno_/desktop/myide/toolchain/bin/../lib/gcc/avr/10.1.0/../../../../avr/lib/avr5/crtatmega328p.o
 *(.init9)
 *(.text)
 .text          0x00000000000000a2        0x4 c:/users/enno_/desktop/myide/toolchain/bin/../lib/gcc/avr/10.1.0/../../../../avr/lib/avr5/crtatmega328p.o
                0x00000000000000a2                __vector_22
                0x00000000000000a2                __vector_1
                0x00000000000000a2                __vector_24
                0x00000000000000a2                __vector_12
                0x00000000000000a2                __bad_interrupt
                0x00000000000000a2                __vector_6
                0x00000000000000a2                __vector_3
                0x00000000000000a2                __vector_23
                0x00000000000000a2                __vector_25
                0x00000000000000a2                __vector_11
                0x00000000000000a2                __vector_13
                0x00000000000000a2                __vector_17
                0x00000000000000a2                __vector_19
                0x00000000000000a2                __vector_7
                0x00000000000000a2                __vector_5
                0x00000000000000a2                __vector_4
                0x00000000000000a2                __vector_9
                0x00000000000000a2                __vector_2
                0x00000000000000a2                __vector_21
                0x00000000000000a2                __vector_15
                0x00000000000000a2                __vector_8
                0x00000000000000a2                __vector_14
                0x00000000000000a2                __vector_10
                0x00000000000000a2                __vector_16
                0x00000000000000a2                __vector_18
                0x00000000000000a2                __vector_20
 .text          0x00000000000000a6      0x272 C:\Users\enno_\AppData\Local\Temp\myApp.elf.d5Z3Qw.ltrans0.ltrans.o
                0x0000000000000318                . = ALIGN (0x2)
 *(.text.*)
 .text.startup  0x0000000000000318      0x378 C:\Users\enno_\AppData\Local\Temp\myApp.elf.d5Z3Qw.ltrans0.ltrans.o
                0x0000000000000318                main
 .text.libgcc.div
                0x0000000000000690       0x44 c:/users/enno_/desktop/myide/toolchain/bin/../lib/gcc/avr/10.1.0/avr5\libgcc.a(_udivmodsi4.o)
                0x0000000000000690                __udivmodsi4
 .text.avr-libc.fplib
                0x00000000000006d4        0xe c:/users/enno_/desktop/myide/toolchain/bin/../lib/gcc/avr/10.1.0/../../../../avr/lib/avr5\libm.a(addsf3.o)
                0x00000000000006d4                __subsf3
                0x00000000000006d6                __addsf3
 .text.avr-libc.fplib
                0x00000000000006e2       0xcc c:/users/enno_/desktop/myide/toolchain/bin/../lib/gcc/avr/10.1.0/../../../../avr/lib/avr5\libm.a(addsf3x.o)
                0x0000000000000704                __addsf3x
 .text.avr-libc.fplib
                0x00000000000007ae       0x5e c:/users/enno_/desktop/myide/toolchain/bin/../lib/gcc/avr/10.1.0/../../../../avr/lib/avr5\libm.a(fixunssfsi.o)
                0x00000000000007ae                __fixunssfsi
 .text.avr-libc.fplib
                0x000000000000080c       0x7a c:/users/enno_/desktop/myide/toolchain/bin/../lib/gcc/avr/10.1.0/../../../../avr/lib/avr5\libm.a(floatsisf.o)
                0x000000000000080c                __floatunsisf
                0x0000000000000810                __floatsisf
 .text.avr-libc.fplib
                0x0000000000000886        0xc c:/users/enno_/desktop/myide/toolchain/bin/../lib/gcc/avr/10.1.0/../../../../avr/lib/avr5\libm.a(fp_inf.o)
                0x0000000000000886                __fp_inf
 .text.avr-libc.fplib
                0x0000000000000892        0x6 c:/users/enno_/desktop/myide/toolchain/bin/../lib/gcc/avr/10.1.0/../../../../avr/lib/avr5\libm.a(fp_nan.o)
                0x0000000000000892                __fp_nan
 .text.avr-libc.fplib
                0x0000000000000898        0xe c:/users/enno_/desktop/myide/toolchain/bin/../lib/gcc/avr/10.1.0/../../../../avr/lib/avr5\libm.a(fp_pscA.o)
                0x0000000000000898                __fp_pscA
 .text.avr-libc.fplib
                0x00000000000008a6        0xe c:/users/enno_/desktop/myide/toolchain/bin/../lib/gcc/avr/10.1.0/../../../../avr/lib/avr5\libm.a(fp_pscB.o)
                0x00000000000008a6                __fp_pscB
 .text.avr-libc.fplib
                0x00000000000008b4       0x22 c:/users/enno_/desktop/myide/toolchain/bin/../lib/gcc/avr/10.1.0/../../../../avr/lib/avr5\libm.a(fp_round.o)
                0x00000000000008b4                __fp_round
 .text.avr-libc.fplib
                0x00000000000008d6       0x44 c:/users/enno_/desktop/myide/toolchain/bin/../lib/gcc/avr/10.1.0/../../../../avr/lib/avr5\libm.a(fp_split3.o)
                0x00000000000008d6                __fp_split3
                0x00000000000008e6                __fp_splitA
 .text.avr-libc.fplib
                0x000000000000091a        0xe c:/users/enno_/desktop/myide/toolchain/bin/../lib/gcc/avr/10.1.0/../../../../avr/lib/avr5\libm.a(fp_zero.o)
                0x000000000000091a                __fp_zero
                0x000000000000091c                __fp_szero
 .text.avr-libc.fplib
                0x0000000000000928        0x8 c:/users/enno_/desktop/myide/toolchain/bin/../lib/gcc/avr/10.1.0/../../../../avr/lib/avr5\libm.a(mulsf3.o)
                0x0000000000000928                __mulsf3
 .text.avr-libc.fplib
                0x0000000000000930       0xd2 c:/users/enno_/desktop/myide/toolchain/bin/../lib/gcc/avr/10.1.0/../../../../avr/lib/avr5\libm.a(mulsf3x.o)
                0x000000000000094e                __mulsf3x
                0x0000000000000954                __mulsf3_pse
 .text.avr-libc
                0x0000000000000a02        0xe c:/users/enno_/desktop/myide/toolchain/bin/../lib/gcc/avr/10.1.0/../../../../avr/lib/avr5\libc.a(strcpy.o)
                0x0000000000000a02                strcpy
                0x0000000000000a10                . = ALIGN (0x2)
 *(.fini9)
 .fini9         0x0000000000000a10        0x0 c:/users/enno_/desktop/myide/toolchain/bin/../lib/gcc/avr/10.1.0/avr5\libgcc.a(_exit.o)
                0x0000000000000a10                _exit
                0x0000000000000a10                exit
 *(.fini9)
 *(.fini8)
 *(.fini8)
 *(.fini7)
 *(.fini7)
 *(.fini6)
 *(.fini6)
 *(.fini5)
 *(.fini5)
 *(.fini4)
 *(.fini4)
 *(.fini3)
 *(.fini3)
 *(.fini2)
 *(.fini2)
 *(.fini1)
 *(.fini1)
 *(.fini0)
 .fini0         0x0000000000000a10        0x4 c:/users/enno_/desktop/myide/toolchain/bin/../lib/gcc/avr/10.1.0/avr5\libgcc.a(_exit.o)
 *(.fini0)
 *(.hightext)
 *(.hightext*)
 *(.progmemx.*)
                0x0000000000000a14                . = ALIGN (0x2)
 *(.jumptables)
 *(.jumptables*)
                0x0000000000000a14                _etext = .

.data           0x0000000000800100       0x3c load address 0x0000000000000a14
                0x0000000000800100                PROVIDE (__data_start = .)
 *(.data)
 *(.data*)
 *(.gnu.linkonce.d*)
 *(.rodata)
 *(.rodata*)
 .rodata.str1.1
                0x0000000000800100       0x3b C:\Users\enno_\AppData\Local\Temp\myApp.elf.d5Z3Qw.ltrans0.ltrans.o
                                         0x48 (size before relaxing)
 *(.gnu.linkonce.r*)
                0x000000000080013c                . = ALIGN (0x2)
 *fill*         0x000000000080013b        0x1 
                0x000000000080013c                _edata = .
                0x000000000080013c                PROVIDE (__data_end = .)

.bss            0x000000000080013c        0xe
                0x000000000080013c                PROVIDE (__bss_start = .)
 *(.bss)
 .bss           0x000000000080013c        0xe C:\Users\enno_\AppData\Local\Temp\myApp.elf.d5Z3Qw.ltrans0.ltrans.o
 *(.bss*)
 *(COMMON)
                0x000000000080014a                PROVIDE (__bss_end = .)
                0x0000000000000a14                __data_load_start = LOADADDR (.data)
                0x0000000000000a50                __data_load_end = (__data_load_start + SIZEOF (.data))

.noinit         0x000000000080014a        0x0
                [!provide]                        PROVIDE (__noinit_start = .)
 *(.noinit*)
                [!provide]                        PROVIDE (__noinit_end = .)
                0x000000000080014a                _end = .
                [!provide]                        PROVIDE (__heap_start = .)

.eeprom         0x0000000000810000        0x0
 *(.eeprom*)
                0x0000000000810000                __eeprom_end = .

.fuse
 *(.fuse)
 *(.lfuse)
 *(.hfuse)
 *(.efuse)

.lock
 *(.lock*)

.signature
 *(.signature*)

.stab
 *(.stab)

.stabstr
 *(.stabstr)

.stab.excl
 *(.stab.excl)

.stab.exclstr
 *(.stab.exclstr)

.stab.index
 *(.stab.index)

.stab.indexstr
 *(.stab.indexstr)

.comment        0x0000000000000000       0x12
 *(.comment)
 .comment       0x0000000000000000       0x12 C:\Users\enno_\AppData\Local\Temp\myApp.elf.d5Z3Qw.ltrans0.ltrans.o
                                         0x13 (size before relaxing)

.note.gnu.avr.deviceinfo
                0x0000000000000000       0x40
 .note.gnu.avr.deviceinfo
                0x0000000000000000       0x40 c:/users/enno_/desktop/myide/toolchain/bin/../lib/gcc/avr/10.1.0/../../../../avr/lib/avr5/crtatmega328p.o

.note.gnu.build-id
 *(.note.gnu.build-id)

.debug
 *(.debug)

.line
 *(.line)

.debug_srcinfo
 *(.debug_srcinfo)

.debug_sfnames
 *(.debug_sfnames)

.debug_aranges  0x0000000000000000       0xa8
 *(.debug_aranges)
 .debug_aranges
                0x0000000000000000       0x28 C:\Users\enno_\AppData\Local\Temp\myApp.elf.d5Z3Qw.ltrans0.ltrans.o
 .debug_aranges
                0x0000000000000028       0x20 c:/users/enno_/desktop/myide/toolchain/bin/../lib/gcc/avr/10.1.0/avr5\libgcc.a(_exit.o)
 .debug_aranges
                0x0000000000000048       0x20 c:/users/enno_/desktop/myide/toolchain/bin/../lib/gcc/avr/10.1.0/avr5\libgcc.a(_udivmodsi4.o)
 .debug_aranges
                0x0000000000000068       0x20 c:/users/enno_/desktop/myide/toolchain/bin/../lib/gcc/avr/10.1.0/avr5\libgcc.a(_copy_data.o)
 .debug_aranges
                0x0000000000000088       0x20 c:/users/enno_/desktop/myide/toolchain/bin/../lib/gcc/avr/10.1.0/avr5\libgcc.a(_clear_bss.o)

.debug_pubnames
 *(.debug_pubnames)

.debug_info     0x0000000000000000     0x1cbf
 *(.debug_info .gnu.linkonce.wi.*)
 .debug_info    0x0000000000000000      0x5f4 c:/users/enno_/desktop/myide/toolchain/bin/../lib/gcc/avr/10.1.0/../../../../avr/lib/avr5/crtatmega328p.o
 .debug_info    0x00000000000005f4      0xf34 C:\Users\enno_\AppData\Local\Temp\myApp.elf.d5Z3Qw.ltrans0.ltrans.o
 .debug_info    0x0000000000001528       0xdc C:\Users\enno_\AppData\Local\Temp\ccTByTom.debug.temp.o
                0x0000000000001528                main.cpp.7015929b
 .debug_info    0x0000000000001604      0x28e C:\Users\enno_\AppData\Local\Temp\ccshqCRO.debug.temp.o
                0x0000000000001604                LCD_PRINT.cpp.ee8ea5c4
 .debug_info    0x0000000000001892      0x395 C:\Users\enno_\AppData\Local\Temp\ccvanKbh.debug.temp.o
                0x0000000000001892                LCD.cpp.d0cff9b0
 .debug_info    0x0000000000001c27       0x26 c:/users/enno_/desktop/myide/toolchain/bin/../lib/gcc/avr/10.1.0/avr5\libgcc.a(_exit.o)
 .debug_info    0x0000000000001c4d       0x26 c:/users/enno_/desktop/myide/toolchain/bin/../lib/gcc/avr/10.1.0/avr5\libgcc.a(_udivmodsi4.o)
 .debug_info    0x0000000000001c73       0x26 c:/users/enno_/desktop/myide/toolchain/bin/../lib/gcc/avr/10.1.0/avr5\libgcc.a(_copy_data.o)
 .debug_info    0x0000000000001c99       0x26 c:/users/enno_/desktop/myide/toolchain/bin/../lib/gcc/avr/10.1.0/avr5\libgcc.a(_clear_bss.o)

.debug_abbrev   0x0000000000000000      0x9bb
 *(.debug_abbrev)
 .debug_abbrev  0x0000000000000000      0x5a2 c:/users/enno_/desktop/myide/toolchain/bin/../lib/gcc/avr/10.1.0/../../../../avr/lib/avr5/crtatmega328p.o
 .debug_abbrev  0x00000000000005a2      0x121 C:\Users\enno_\AppData\Local\Temp\myApp.elf.d5Z3Qw.ltrans0.ltrans.o
 .debug_abbrev  0x00000000000006c3       0xae C:\Users\enno_\AppData\Local\Temp\ccTByTom.debug.temp.o
 .debug_abbrev  0x0000000000000771       0xc5 C:\Users\enno_\AppData\Local\Temp\ccshqCRO.debug.temp.o
 .debug_abbrev  0x0000000000000836      0x135 C:\Users\enno_\AppData\Local\Temp\ccvanKbh.debug.temp.o
 .debug_abbrev  0x000000000000096b       0x14 c:/users/enno_/desktop/myide/toolchain/bin/../lib/gcc/avr/10.1.0/avr5\libgcc.a(_exit.o)
 .debug_abbrev  0x000000000000097f       0x14 c:/users/enno_/desktop/myide/toolchain/bin/../lib/gcc/avr/10.1.0/avr5\libgcc.a(_udivmodsi4.o)
 .debug_abbrev  0x0000000000000993       0x14 c:/users/enno_/desktop/myide/toolchain/bin/../lib/gcc/avr/10.1.0/avr5\libgcc.a(_copy_data.o)
 .debug_abbrev  0x00000000000009a7       0x14 c:/users/enno_/desktop/myide/toolchain/bin/../lib/gcc/avr/10.1.0/avr5\libgcc.a(_clear_bss.o)

.debug_line     0x0000000000000000     0x1319
 *(.debug_line .debug_line.* .debug_line_end)
 .debug_line    0x0000000000000000       0x1d c:/users/enno_/desktop/myide/toolchain/bin/../lib/gcc/avr/10.1.0/../../../../avr/lib/avr5/crtatmega328p.o
 .debug_line    0x000000000000001d      0xe99 C:\Users\enno_\AppData\Local\Temp\myApp.elf.d5Z3Qw.ltrans0.ltrans.o
 .debug_line    0x0000000000000eb6       0xac C:\Users\enno_\AppData\Local\Temp\ccTByTom.debug.temp.o
 .debug_line    0x0000000000000f62       0x6e C:\Users\enno_\AppData\Local\Temp\ccshqCRO.debug.temp.o
 .debug_line    0x0000000000000fd0       0xab C:\Users\enno_\AppData\Local\Temp\ccvanKbh.debug.temp.o
 .debug_line    0x000000000000107b       0x61 c:/users/enno_/desktop/myide/toolchain/bin/../lib/gcc/avr/10.1.0/avr5\libgcc.a(_exit.o)
 .debug_line    0x00000000000010dc      0x121 c:/users/enno_/desktop/myide/toolchain/bin/../lib/gcc/avr/10.1.0/avr5\libgcc.a(_udivmodsi4.o)
 .debug_line    0x00000000000011fd       0x97 c:/users/enno_/desktop/myide/toolchain/bin/../lib/gcc/avr/10.1.0/avr5\libgcc.a(_copy_data.o)
 .debug_line    0x0000000000001294       0x85 c:/users/enno_/desktop/myide/toolchain/bin/../lib/gcc/avr/10.1.0/avr5\libgcc.a(_clear_bss.o)

.debug_frame    0x0000000000000000      0x100
 *(.debug_frame)
 .debug_frame   0x0000000000000000      0x100 C:\Users\enno_\AppData\Local\Temp\myApp.elf.d5Z3Qw.ltrans0.ltrans.o

.debug_str      0x0000000000000000      0xa2c
 *(.debug_str)
 .debug_str     0x0000000000000000      0x20b c:/users/enno_/desktop/myide/toolchain/bin/../lib/gcc/avr/10.1.0/../../../../avr/lib/avr5/crtatmega328p.o
 .debug_str     0x000000000000020b      0x128 C:\Users\enno_\AppData\Local\Temp\myApp.elf.d5Z3Qw.ltrans0.ltrans.o
                                        0x13a (size before relaxing)
 .debug_str     0x0000000000000333      0x17e C:\Users\enno_\AppData\Local\Temp\ccTByTom.debug.temp.o
                                        0x1e6 (size before relaxing)
 .debug_str     0x00000000000004b1      0x17f C:\Users\enno_\AppData\Local\Temp\ccshqCRO.debug.temp.o
                                        0x2e9 (size before relaxing)
 .debug_str     0x0000000000000630      0x39d C:\Users\enno_\AppData\Local\Temp\ccvanKbh.debug.temp.o
                                        0x5a4 (size before relaxing)
 .debug_str     0x00000000000009cd       0x5f c:/users/enno_/desktop/myide/toolchain/bin/../lib/gcc/avr/10.1.0/avr5\libgcc.a(_exit.o)
 .debug_str     0x0000000000000a2c       0x5f c:/users/enno_/desktop/myide/toolchain/bin/../lib/gcc/avr/10.1.0/avr5\libgcc.a(_udivmodsi4.o)
 .debug_str     0x0000000000000a2c       0x5f c:/users/enno_/desktop/myide/toolchain/bin/../lib/gcc/avr/10.1.0/avr5\libgcc.a(_copy_data.o)
 .debug_str     0x0000000000000a2c       0x5f c:/users/enno_/desktop/myide/toolchain/bin/../lib/gcc/avr/10.1.0/avr5\libgcc.a(_clear_bss.o)

.debug_loc      0x0000000000000000      0xa9f
 *(.debug_loc)
 .debug_loc     0x0000000000000000      0xa9f C:\Users\enno_\AppData\Local\Temp\myApp.elf.d5Z3Qw.ltrans0.ltrans.o

.debug_macinfo
 *(.debug_macinfo)

.debug_weaknames
 *(.debug_weaknames)

.debug_funcnames
 *(.debug_funcnames)

.debug_typenames
 *(.debug_typenames)

.debug_varnames
 *(.debug_varnames)

.debug_pubtypes
 *(.debug_pubtypes)

.debug_ranges   0x0000000000000000       0x18
 *(.debug_ranges)
 .debug_ranges  0x0000000000000000       0x18 C:\Users\enno_\AppData\Local\Temp\myApp.elf.d5Z3Qw.ltrans0.ltrans.o

.debug_macro
 *(.debug_macro)

.debug_addr
 *(.debug_addr)
OUTPUT(myApp.elf elf32-avr)
LOAD linker stubs

Cross Reference Table

Symbol                                            File
DB4                                               LCD.o (symbol from plugin)
DB5                                               LCD.o (symbol from plugin)
DB6                                               LCD.o (symbol from plugin)
DB7                                               LCD.o (symbol from plugin)
LCD.cpp.d0cff9b0                                  C:\Users\enno_\AppData\Local\Temp\ccvanKbh.debug.temp.o
                                                  C:\Users\enno_\AppData\Local\Temp\myApp.elf.d5Z3Qw.ltrans0.ltrans.o
LCD_DDR                                           LCD.o (symbol from plugin)
LCD_DDR_RS_EN                                     LCD.o (symbol from plugin)
LCD_EN                                            LCD.o (symbol from plugin)
LCD_PORT                                          LCD.o (symbol from plugin)
LCD_PORT_EN                                       LCD.o (symbol from plugin)
LCD_PORT_RS                                       LCD.o (symbol from plugin)
LCD_PRINT.cpp.ee8ea5c4                            C:\Users\enno_\AppData\Local\Temp\ccshqCRO.debug.temp.o
                                                  C:\Users\enno_\AppData\Local\Temp\myApp.elf.d5Z3Qw.ltrans0.ltrans.o
LCD_RS                                            LCD.o (symbol from plugin)
_Z10write4bitsh                                   LCD.o (symbol from plugin)
_Z11lcd_commandh                                  LCD.o (symbol from plugin)
_Z12lcd_blink_onv                                 LCD.o (symbol from plugin)
_Z12lcd_print_xyhhPc                              LCD_PRINT.o (symbol from plugin)
                                                  Debug/main.o (symbol from plugin)
_Z13lcd_blink_offv                                LCD.o (symbol from plugin)
_Z13lcd_cursor_onv                                LCD.o (symbol from plugin)
_Z13lcd_setcursorhh                               LCD.o (symbol from plugin)
                                                  LCD_PRINT.o (symbol from plugin)
                                                  Debug/main.o (symbol from plugin)
_Z14byte_to_nibbleh                               LCD.o (symbol from plugin)
_Z14lcd_cursor_offv                               LCD.o (symbol from plugin)
_Z14lcd_display_onv                               LCD.o (symbol from plugin)
_Z14lcd_printFloatd                               LCD_PRINT.o (symbol from plugin)
_Z15lcd_display_offv                              LCD.o (symbol from plugin)
_Z15lcd_leftToRightv                              LCD.o (symbol from plugin)
_Z15lcd_printNumberm                              LCD_PRINT.o (symbol from plugin)
_Z15lcd_rightToLeftv                              LCD.o (symbol from plugin)
_Z15pulseEnableLinev                              LCD.o (symbol from plugin)
_Z16send_data_stringPKc                           LCD.o (symbol from plugin)
                                                  LCD_PRINT.o (symbol from plugin)
_Z17lcd_autoscroll_onv                            LCD.o (symbol from plugin)
_Z18lcd_autoscroll_offv                           LCD.o (symbol from plugin)
_Z21lcd_scrollDisplayLeftv                        LCD.o (symbol from plugin)
_Z22lcd_scrollDisplayRightv                       LCD.o (symbol from plugin)
_Z8lcd_homev                                      LCD.o (symbol from plugin)
_Z8lcd_initPVhhhS0_hhhh                           LCD.o (symbol from plugin)
                                                  Debug/main.o (symbol from plugin)
_Z9lcd_clearv                                     LCD.o (symbol from plugin)
                                                  Debug/main.o (symbol from plugin)
_Z9lcd_printPc                                    LCD_PRINT.o (symbol from plugin)
                                                  Debug/main.o (symbol from plugin)
_Z9lcd_printc                                     LCD_PRINT.o (symbol from plugin)
                                                  Debug/main.o (symbol from plugin)
_Z9lcd_printd                                     LCD_PRINT.o (symbol from plugin)
                                                  Debug/main.o (symbol from plugin)
_Z9lcd_printf                                     LCD_PRINT.o (symbol from plugin)
_Z9lcd_printi                                     LCD_PRINT.o (symbol from plugin)
                                                  Debug/main.o (symbol from plugin)
_Z9lcd_printj                                     LCD_PRINT.o (symbol from plugin)
                                                  Debug/main.o (symbol from plugin)
_Z9lcd_printl                                     LCD_PRINT.o (symbol from plugin)
                                                  Debug/main.o (symbol from plugin)
_Z9lcd_printm                                     LCD_PRINT.o (symbol from plugin)
                                                  Debug/main.o (symbol from plugin)
_Z9send_datah                                     LCD.o (symbol from plugin)
                                                  LCD_PRINT.o (symbol from plugin)
__FUSE_REGION_LENGTH__                            c:/users/enno_/desktop/myide/toolchain/bin/../lib/gcc/avr/10.1.0/../../../../avr/lib/avr5/crtatmega328p.o
__addsf3                                          c:/users/enno_/desktop/myide/toolchain/bin/../lib/gcc/avr/10.1.0/../../../../avr/lib/avr5\libm.a(addsf3.o)
__addsf3x                                         c:/users/enno_/desktop/myide/toolchain/bin/../lib/gcc/avr/10.1.0/../../../../avr/lib/avr5\libm.a(addsf3x.o)
                                                  c:/users/enno_/desktop/myide/toolchain/bin/../lib/gcc/avr/10.1.0/../../../../avr/lib/avr5\libm.a(addsf3.o)
__bad_interrupt                                   c:/users/enno_/desktop/myide/toolchain/bin/../lib/gcc/avr/10.1.0/../../../../avr/lib/avr5/crtatmega328p.o
__bss_end                                         c:/users/enno_/desktop/myide/toolchain/bin/../lib/gcc/avr/10.1.0/avr5\libgcc.a(_clear_bss.o)
__bss_start                                       c:/users/enno_/desktop/myide/toolchain/bin/../lib/gcc/avr/10.1.0/avr5\libgcc.a(_clear_bss.o)
__data_end                                        c:/users/enno_/desktop/myide/toolchain/bin/../lib/gcc/avr/10.1.0/avr5\libgcc.a(_copy_data.o)
__data_load_start                                 c:/users/enno_/desktop/myide/toolchain/bin/../lib/gcc/avr/10.1.0/avr5\libgcc.a(_copy_data.o)
__data_start                                      c:/users/enno_/desktop/myide/toolchain/bin/../lib/gcc/avr/10.1.0/avr5\libgcc.a(_copy_data.o)
__do_clear_bss                                    c:/users/enno_/desktop/myide/toolchain/bin/../lib/gcc/avr/10.1.0/avr5\libgcc.a(_clear_bss.o)
                                                  C:\Users\enno_\AppData\Local\Temp\myApp.elf.d5Z3Qw.ltrans0.ltrans.o
__do_copy_data                                    c:/users/enno_/desktop/myide/toolchain/bin/../lib/gcc/avr/10.1.0/avr5\libgcc.a(_copy_data.o)
                                                  C:\Users\enno_\AppData\Local\Temp\myApp.elf.d5Z3Qw.ltrans0.ltrans.o
__fixunssfsi                                      c:/users/enno_/desktop/myide/toolchain/bin/../lib/gcc/avr/10.1.0/../../../../avr/lib/avr5\libm.a(fixunssfsi.o)
                                                  C:\Users\enno_\AppData\Local\Temp\myApp.elf.d5Z3Qw.ltrans0.ltrans.o
__floatsisf                                       c:/users/enno_/desktop/myide/toolchain/bin/../lib/gcc/avr/10.1.0/../../../../avr/lib/avr5\libm.a(floatsisf.o)
__floatunsisf                                     c:/users/enno_/desktop/myide/toolchain/bin/../lib/gcc/avr/10.1.0/../../../../avr/lib/avr5\libm.a(floatsisf.o)
                                                  C:\Users\enno_\AppData\Local\Temp\myApp.elf.d5Z3Qw.ltrans0.ltrans.o
__fp_inf                                          c:/users/enno_/desktop/myide/toolchain/bin/../lib/gcc/avr/10.1.0/../../../../avr/lib/avr5\libm.a(fp_inf.o)
                                                  c:/users/enno_/desktop/myide/toolchain/bin/../lib/gcc/avr/10.1.0/../../../../avr/lib/avr5\libm.a(mulsf3x.o)
                                                  c:/users/enno_/desktop/myide/toolchain/bin/../lib/gcc/avr/10.1.0/../../../../avr/lib/avr5\libm.a(addsf3x.o)
__fp_nan                                          c:/users/enno_/desktop/myide/toolchain/bin/../lib/gcc/avr/10.1.0/../../../../avr/lib/avr5\libm.a(fp_nan.o)
                                                  c:/users/enno_/desktop/myide/toolchain/bin/../lib/gcc/avr/10.1.0/../../../../avr/lib/avr5\libm.a(mulsf3x.o)
                                                  c:/users/enno_/desktop/myide/toolchain/bin/../lib/gcc/avr/10.1.0/../../../../avr/lib/avr5\libm.a(addsf3x.o)
__fp_pscA                                         c:/users/enno_/desktop/myide/toolchain/bin/../lib/gcc/avr/10.1.0/../../../../avr/lib/avr5\libm.a(fp_pscA.o)
                                                  c:/users/enno_/desktop/myide/toolchain/bin/../lib/gcc/avr/10.1.0/../../../../avr/lib/avr5\libm.a(mulsf3x.o)
                                                  c:/users/enno_/desktop/myide/toolchain/bin/../lib/gcc/avr/10.1.0/../../../../avr/lib/avr5\libm.a(addsf3x.o)
__fp_pscB                                         c:/users/enno_/desktop/myide/toolchain/bin/../lib/gcc/avr/10.1.0/../../../../avr/lib/avr5\libm.a(fp_pscB.o)
                                                  c:/users/enno_/desktop/myide/toolchain/bin/../lib/gcc/avr/10.1.0/../../../../avr/lib/avr5\libm.a(mulsf3x.o)
                                                  c:/users/enno_/desktop/myide/toolchain/bin/../lib/gcc/avr/10.1.0/../../../../avr/lib/avr5\libm.a(addsf3x.o)
__fp_round                                        c:/users/enno_/desktop/myide/toolchain/bin/../lib/gcc/avr/10.1.0/../../../../avr/lib/avr5\libm.a(fp_round.o)
                                                  c:/users/enno_/desktop/myide/toolchain/bin/../lib/gcc/avr/10.1.0/../../../../avr/lib/avr5\libm.a(mulsf3.o)
                                                  c:/users/enno_/desktop/myide/toolchain/bin/../lib/gcc/avr/10.1.0/../../../../avr/lib/avr5\libm.a(addsf3.o)
__fp_split3                                       c:/users/enno_/desktop/myide/toolchain/bin/../lib/gcc/avr/10.1.0/../../../../avr/lib/avr5\libm.a(fp_split3.o)
                                                  c:/users/enno_/desktop/myide/toolchain/bin/../lib/gcc/avr/10.1.0/../../../../avr/lib/avr5\libm.a(mulsf3x.o)
                                                  c:/users/enno_/desktop/myide/toolchain/bin/../lib/gcc/avr/10.1.0/../../../../avr/lib/avr5\libm.a(addsf3x.o)
__fp_splitA                                       c:/users/enno_/desktop/myide/toolchain/bin/../lib/gcc/avr/10.1.0/../../../../avr/lib/avr5\libm.a(fp_split3.o)
                                                  c:/users/enno_/desktop/myide/toolchain/bin/../lib/gcc/avr/10.1.0/../../../../avr/lib/avr5\libm.a(fixunssfsi.o)
__fp_szero                                        c:/users/enno_/desktop/myide/toolchain/bin/../lib/gcc/avr/10.1.0/../../../../avr/lib/avr5\libm.a(fp_zero.o)
                                                  c:/users/enno_/desktop/myide/toolchain/bin/../lib/gcc/avr/10.1.0/../../../../avr/lib/avr5\libm.a(mulsf3x.o)
__fp_zero                                         c:/users/enno_/desktop/myide/toolchain/bin/../lib/gcc/avr/10.1.0/../../../../avr/lib/avr5\libm.a(fp_zero.o)
                                                  c:/users/enno_/desktop/myide/toolchain/bin/../lib/gcc/avr/10.1.0/../../../../avr/lib/avr5\libm.a(fixunssfsi.o)
                                                  c:/users/enno_/desktop/myide/toolchain/bin/../lib/gcc/avr/10.1.0/../../../../avr/lib/avr5\libm.a(addsf3x.o)
__heap_end                                        c:/users/enno_/desktop/myide/toolchain/bin/../lib/gcc/avr/10.1.0/../../../../avr/lib/avr5/crtatmega328p.o
__init                                            c:/users/enno_/desktop/myide/toolchain/bin/../lib/gcc/avr/10.1.0/../../../../avr/lib/avr5/crtatmega328p.o
__mulsf3                                          c:/users/enno_/desktop/myide/toolchain/bin/../lib/gcc/avr/10.1.0/../../../../avr/lib/avr5\libm.a(mulsf3.o)
                                                  C:\Users\enno_\AppData\Local\Temp\myApp.elf.d5Z3Qw.ltrans0.ltrans.o
__mulsf3_pse                                      c:/users/enno_/desktop/myide/toolchain/bin/../lib/gcc/avr/10.1.0/../../../../avr/lib/avr5\libm.a(mulsf3x.o)
__mulsf3x                                         c:/users/enno_/desktop/myide/toolchain/bin/../lib/gcc/avr/10.1.0/../../../../avr/lib/avr5\libm.a(mulsf3x.o)
                                                  c:/users/enno_/desktop/myide/toolchain/bin/../lib/gcc/avr/10.1.0/../../../../avr/lib/avr5\libm.a(mulsf3.o)
__stack                                           c:/users/enno_/desktop/myide/toolchain/bin/../lib/gcc/avr/10.1.0/../../../../avr/lib/avr5/crtatmega328p.o
__subsf3                                          c:/users/enno_/desktop/myide/toolchain/bin/../lib/gcc/avr/10.1.0/../../../../avr/lib/avr5\libm.a(addsf3.o)
                                                  C:\Users\enno_\AppData\Local\Temp\myApp.elf.d5Z3Qw.ltrans0.ltrans.o
__udivmodsi4                                      c:/users/enno_/desktop/myide/toolchain/bin/../lib/gcc/avr/10.1.0/avr5\libgcc.a(_udivmodsi4.o)
                                                  C:\Users\enno_\AppData\Local\Temp\myApp.elf.d5Z3Qw.ltrans0.ltrans.o
__vector_1                                        c:/users/enno_/desktop/myide/toolchain/bin/../lib/gcc/avr/10.1.0/../../../../avr/lib/avr5/crtatmega328p.o
__vector_10                                       c:/users/enno_/desktop/myide/toolchain/bin/../lib/gcc/avr/10.1.0/../../../../avr/lib/avr5/crtatmega328p.o
__vector_11                                       c:/users/enno_/desktop/myide/toolchain/bin/../lib/gcc/avr/10.1.0/../../../../avr/lib/avr5/crtatmega328p.o
__vector_12                                       c:/users/enno_/desktop/myide/toolchain/bin/../lib/gcc/avr/10.1.0/../../../../avr/lib/avr5/crtatmega328p.o
__vector_13                                       c:/users/enno_/desktop/myide/toolchain/bin/../lib/gcc/avr/10.1.0/../../../../avr/lib/avr5/crtatmega328p.o
__vector_14                                       c:/users/enno_/desktop/myide/toolchain/bin/../lib/gcc/avr/10.1.0/../../../../avr/lib/avr5/crtatmega328p.o
__vector_15                                       c:/users/enno_/desktop/myide/toolchain/bin/../lib/gcc/avr/10.1.0/../../../../avr/lib/avr5/crtatmega328p.o
__vector_16                                       c:/users/enno_/desktop/myide/toolchain/bin/../lib/gcc/avr/10.1.0/../../../../avr/lib/avr5/crtatmega328p.o
__vector_17                                       c:/users/enno_/desktop/myide/toolchain/bin/../lib/gcc/avr/10.1.0/../../../../avr/lib/avr5/crtatmega328p.o
__vector_18                                       c:/users/enno_/desktop/myide/toolchain/bin/../lib/gcc/avr/10.1.0/../../../../avr/lib/avr5/crtatmega328p.o
__vector_19                                       c:/users/enno_/desktop/myide/toolchain/bin/../lib/gcc/avr/10.1.0/../../../../avr/lib/avr5/crtatmega328p.o
__vector_2                                        c:/users/enno_/desktop/myide/toolchain/bin/../lib/gcc/avr/10.1.0/../../../../avr/lib/avr5/crtatmega328p.o
__vector_20                                       c:/users/enno_/desktop/myide/toolchain/bin/../lib/gcc/avr/10.1.0/../../../../avr/lib/avr5/crtatmega328p.o
__vector_21                                       c:/users/enno_/desktop/myide/toolchain/bin/../lib/gcc/avr/10.1.0/../../../../avr/lib/avr5/crtatmega328p.o
__vector_22                                       c:/users/enno_/desktop/myide/toolchain/bin/../lib/gcc/avr/10.1.0/../../../../avr/lib/avr5/crtatmega328p.o
__vector_23                                       c:/users/enno_/desktop/myide/toolchain/bin/../lib/gcc/avr/10.1.0/../../../../avr/lib/avr5/crtatmega328p.o
__vector_24                                       c:/users/enno_/desktop/myide/toolchain/bin/../lib/gcc/avr/10.1.0/../../../../avr/lib/avr5/crtatmega328p.o
__vector_25                                       c:/users/enno_/desktop/myide/toolchain/bin/../lib/gcc/avr/10.1.0/../../../../avr/lib/avr5/crtatmega328p.o
__vector_3                                        c:/users/enno_/desktop/myide/toolchain/bin/../lib/gcc/avr/10.1.0/../../../../avr/lib/avr5/crtatmega328p.o
__vector_4                                        c:/users/enno_/desktop/myide/toolchain/bin/../lib/gcc/avr/10.1.0/../../../../avr/lib/avr5/crtatmega328p.o
__vector_5                                        c:/users/enno_/desktop/myide/toolchain/bin/../lib/gcc/avr/10.1.0/../../../../avr/lib/avr5/crtatmega328p.o
__vector_6                                        c:/users/enno_/desktop/myide/toolchain/bin/../lib/gcc/avr/10.1.0/../../../../avr/lib/avr5/crtatmega328p.o
__vector_7                                        c:/users/enno_/desktop/myide/toolchain/bin/../lib/gcc/avr/10.1.0/../../../../avr/lib/avr5/crtatmega328p.o
__vector_8                                        c:/users/enno_/desktop/myide/toolchain/bin/../lib/gcc/avr/10.1.0/../../../../avr/lib/avr5/crtatmega328p.o
__vector_9                                        c:/users/enno_/desktop/myide/toolchain/bin/../lib/gcc/avr/10.1.0/../../../../avr/lib/avr5/crtatmega328p.o
__vector_default                                  c:/users/enno_/desktop/myide/toolchain/bin/../lib/gcc/avr/10.1.0/../../../../avr/lib/avr5/crtatmega328p.o
__vectors                                         c:/users/enno_/desktop/myide/toolchain/bin/../lib/gcc/avr/10.1.0/../../../../avr/lib/avr5/crtatmega328p.o
_exit                                             c:/users/enno_/desktop/myide/toolchain/bin/../lib/gcc/avr/10.1.0/avr5\libgcc.a(_exit.o)
_flag_Display                                     LCD.o (symbol from plugin)
_flag_Entry                                       LCD.o (symbol from plugin)
exit                                              c:/users/enno_/desktop/myide/toolchain/bin/../lib/gcc/avr/10.1.0/avr5\libgcc.a(_exit.o)
                                                  c:/users/enno_/desktop/myide/toolchain/bin/../lib/gcc/avr/10.1.0/../../../../avr/lib/avr5/crtatmega328p.o
main                                              C:\Users\enno_\AppData\Local\Temp\myApp.elf.d5Z3Qw.ltrans0.ltrans.o
                                                  Debug/main.o (symbol from plugin)
                                                  c:/users/enno_/desktop/myide/toolchain/bin/../lib/gcc/avr/10.1.0/../../../../avr/lib/avr5/crtatmega328p.o
main.cpp.7015929b                                 C:\Users\enno_\AppData\Local\Temp\ccTByTom.debug.temp.o
                                                  C:\Users\enno_\AppData\Local\Temp\myApp.elf.d5Z3Qw.ltrans0.ltrans.o
strcpy                                            c:/users/enno_/desktop/myide/toolchain/bin/../lib/gcc/avr/10.1.0/../../../../avr/lib/avr5\libc.a(strcpy.o)
                                                  C:\Users\enno_\AppData\Local\Temp\myApp.elf.d5Z3Qw.ltrans0.ltrans.o
